 Container tarefas-app-run-1e3bda447ce2 Creating 
 Container tarefas-app-run-1e3bda447ce2 Created 
Fetching gem metadata from https://rubygems.org/........
Fetching i18n 1.15.2
Installing erb 6.0.7 with native extensions
Installing bcrypt_pbkdf 1.1.2 with native extensions
Installing io-console 0.9.2 with native extensions
Installing msgpack 1.8.5 with native extensions
Installing racc 1.8.1 with native extensions
Installing date 3.5.1 with native extensions
Installing json 3.0.2 with native extensions
Installing bigdecimal 4.1.2 with native extensions
Installing nio4r 2.7.5 with native extensions
Installing ed25519 1.4.0 with native extensions
Installing i18n 1.15.2
Fetching tzinfo 2.0.6
Fetching mini_magick 5.4.0
Fetching rack-session 2.1.2
Fetching rack-test 2.2.0
Fetching pp 0.6.4
Fetching rackup 2.3.1
Fetching websocket-driver 0.8.2
Fetching net-protocol 0.3.0
Fetching bundler-audit 0.9.3
Installing prism 1.9.0 with native extensions
Fetching ruby-vips 2.3.0
Installing tzinfo 2.0.6
Fetching net-scp 4.1.0
Fetching net-sftp 4.0.0
Installing mini_magick 5.4.0
Fetching unicode-display_width 3.2.0
Installing rack-session 2.1.2
Installing rack-test 2.2.0
Installing pp 0.6.4
Installing rackup 2.3.1
Installing websocket-driver 0.8.2 with native extensions
Installing net-protocol 0.3.0
Installing bundler-audit 0.9.3
Installing ruby-vips 2.3.0
Installing net-scp 4.1.0
Installing net-sftp 4.0.0
Installing unicode-display_width 3.2.0
Gem::Ext::BuildError: ERROR: Failed to build gem native extension.

current directory:
/usr/local/bundle/ruby/3.4.0/gems/bigdecimal-4.1.2/ext/bigdecimal
/usr/local/bin/ruby extconf.rb
checking for __builtin_clz()... *** extconf.rb failed ***
Could not create Makefile due to some reason, probably lack of necessary
libraries and/or headers.  Check the mkmf.log file for more details.  You may
need configuration options.

Provided configuration options:
	--with-opt-dir
	--without-opt-dir
	--with-opt-include=${opt-dir}/include
	--without-opt-include
	--with-opt-lib=${opt-dir}/lib
	--without-opt-lib
	--with-make-prog
	--without-make-prog
	--srcdir=.
	--curdir
	--ruby=/usr/local/bin/$(RUBY_BASE_NAME)
/usr/local/lib/ruby/3.4.0/mkmf.rb:528:in 'MakeMakefile#try_do': The compiler
failed to generate an executable file. (RuntimeError)
You have to install development tools first.

	from /usr/local/lib/ruby/3.4.0/mkmf.rb:655:in 'MakeMakefile#try_compile'
	from extconf.rb:6:in 'block in Object#have_builtin_func'
from /usr/local/lib/ruby/3.4.0/mkmf.rb:1070:in 'block in
MakeMakefile#checking_for'
from /usr/local/lib/ruby/3.4.0/mkmf.rb:370:in 'block (2 levels) in
MakeMakefile::Logging.postpone'
	from /usr/local/lib/ruby/3.4.0/mkmf.rb:340:in 'MakeMakefile::Logging.open'
from /usr/local/lib/ruby/3.4.0/mkmf.rb:370:in 'block in
MakeMakefile::Logging.postpone'
	from /usr/local/lib/ruby/3.4.0/mkmf.rb:340:in 'MakeMakefile::Logging.open'
	from /usr/local/lib/ruby/3.4.0/mkmf.rb:366:in 'MakeMakefile::Logging.postpone'
	from /usr/local/lib/ruby/3.4.0/mkmf.rb:1069:in 'MakeMakefile#checking_for'
	from extconf.rb:5:in 'Object#have_builtin_func'
	from extconf.rb:18:in '<main>'

To see why this extension failed to compile, please check the mkmf.log which can
be found here:

/usr/local/bundle/ruby/3.4.0/extensions/x86_64-linux/3.4.0/bigdecimal-4.1.2/mkmf.log

extconf failed, exit code 1

Gem files will remain installed in
/usr/local/bundle/ruby/3.4.0/gems/bigdecimal-4.1.2 for inspection.
Results logged to
/usr/local/bundle/ruby/3.4.0/extensions/x86_64-linux/3.4.0/bigdecimal-4.1.2/gem_make.out

/usr/local/lib/ruby/3.4.0/rubygems/ext/builder.rb:125:in
'Gem::Ext::Builder.run'
/usr/local/lib/ruby/3.4.0/rubygems/ext/ext_conf_builder.rb:30:in
'Gem::Ext::ExtConfBuilder.build'
/usr/local/lib/ruby/3.4.0/rubygems/ext/builder.rb:206:in
'Gem::Ext::Builder#build_extension'
/usr/local/lib/ruby/3.4.0/rubygems/ext/builder.rb:240:in 'block in
Gem::Ext::Builder#build_extensions'
  /usr/local/lib/ruby/3.4.0/rubygems/ext/builder.rb:237:in 'Array#each'
/usr/local/lib/ruby/3.4.0/rubygems/ext/builder.rb:237:in
'Gem::Ext::Builder#build_extensions'
/usr/local/lib/ruby/3.4.0/rubygems/installer.rb:844:in
'Gem::Installer#build_extensions'
/usr/local/lib/ruby/3.4.0/bundler/rubygems_gem_installer.rb:111:in
'Bundler::RubyGemsGemInstaller#build_extensions'
/usr/local/lib/ruby/3.4.0/bundler/rubygems_gem_installer.rb:30:in
'Bundler::RubyGemsGemInstaller#install'
/usr/local/lib/ruby/3.4.0/bundler/source/rubygems.rb:220:in
'Bundler::Source::Rubygems#install'
/usr/local/lib/ruby/3.4.0/bundler/installer/gem_installer.rb:55:in
'Bundler::GemInstaller#install'
/usr/local/lib/ruby/3.4.0/bundler/installer/gem_installer.rb:17:in
'Bundler::GemInstaller#install_from_spec'
/usr/local/lib/ruby/3.4.0/bundler/installer/parallel_installer.rb:133:in
'Bundler::ParallelInstaller#do_install'
/usr/local/lib/ruby/3.4.0/bundler/installer/parallel_installer.rb:124:in
'block in Bundler::ParallelInstaller#worker_pool'
  /usr/local/lib/ruby/3.4.0/bundler/worker.rb:62:in 'Bundler::Worker#apply_func'
/usr/local/lib/ruby/3.4.0/bundler/worker.rb:57:in 'block in
Bundler::Worker#process_queue'
  <internal:kernel>:168:in 'Kernel#loop'
/usr/local/lib/ruby/3.4.0/bundler/worker.rb:54:in
'Bundler::Worker#process_queue'
/usr/local/lib/ruby/3.4.0/bundler/worker.rb:90:in 'block (2 levels) in
Bundler::Worker#create_threads'

An error occurred while installing bigdecimal (4.1.2), and Bundler cannot
continue.

In Gemfile:
  rails was resolved to 8.1.3.1, which depends on
    actiontext was resolved to 8.1.3.1, which depends on
      action_text-trix was resolved to 2.1.19, which depends on
        railties was resolved to 8.1.3.1, which depends on
          actionpack was resolved to 8.1.3.1, which depends on
            actionview was resolved to 8.1.3.1, which depends on
              rails-dom-testing was resolved to 2.3.0, which depends on
                activesupport was resolved to 8.1.3.1, which depends on
                  bigdecimal


Gem::Ext::BuildError: ERROR: Failed to build gem native extension.

current directory:
/usr/local/bundle/ruby/3.4.0/gems/racc-1.8.1/ext/racc/cparse
/usr/local/bin/ruby extconf.rb
creating Makefile

current directory: /usr/local/bundle/ruby/3.4.0/gems/racc-1.8.1/ext/racc/cparse
make DESTDIR\= sitearchdir\=./.gem.20260912-1-2ujhai
sitelibdir\=./.gem.20260912-1-2ujhai clean
current directory: /usr/local/bundle/ruby/3.4.0/gems/racc-1.8.1/ext/racc/cparse
make DESTDIR\= sitearchdir\=./.gem.20260912-1-2ujhai
sitelibdir\=./.gem.20260912-1-2ujhai
make failedNo such file or directory - make

Gem files will remain installed in /usr/local/bundle/ruby/3.4.0/gems/racc-1.8.1
for inspection.
Results logged to
/usr/local/bundle/ruby/3.4.0/extensions/x86_64-linux/3.4.0/racc-1.8.1/gem_make.out

/usr/local/lib/ruby/3.4.0/rubygems/ext/builder.rb:102:in
'Gem::Ext::Builder.run'
/usr/local/lib/ruby/3.4.0/rubygems/ext/builder.rb:51:in 'block in
Gem::Ext::Builder.make'
  /usr/local/lib/ruby/3.4.0/rubygems/ext/builder.rb:43:in 'Array#each'
/usr/local/lib/ruby/3.4.0/rubygems/ext/builder.rb:43:in
'Gem::Ext::Builder.make'
/usr/local/lib/ruby/3.4.0/rubygems/ext/ext_conf_builder.rb:44:in
'Gem::Ext::ExtConfBuilder.build'
/usr/local/lib/ruby/3.4.0/rubygems/ext/builder.rb:206:in
'Gem::Ext::Builder#build_extension'
/usr/local/lib/ruby/3.4.0/rubygems/ext/builder.rb:240:in 'block in
Gem::Ext::Builder#build_extensions'
  /usr/local/lib/ruby/3.4.0/rubygems/ext/builder.rb:237:in 'Array#each'
/usr/local/lib/ruby/3.4.0/rubygems/ext/builder.rb:237:in
'Gem::Ext::Builder#build_extensions'
/usr/local/lib/ruby/3.4.0/rubygems/installer.rb:844:in
'Gem::Installer#build_extensions'
/usr/local/lib/ruby/3.4.0/bundler/rubygems_gem_installer.rb:111:in
'Bundler::RubyGemsGemInstaller#build_extensions'
/usr/local/lib/ruby/3.4.0/bundler/rubygems_gem_installer.rb:30:in
'Bundler::RubyGemsGemInstaller#install'
/usr/local/lib/ruby/3.4.0/bundler/source/rubygems.rb:220:in
'Bundler::Source::Rubygems#install'
/usr/local/lib/ruby/3.4.0/bundler/installer/gem_installer.rb:55:in
'Bundler::GemInstaller#install'
/usr/local/lib/ruby/3.4.0/bundler/installer/gem_installer.rb:17:in
'Bundler::GemInstaller#install_from_spec'
/usr/local/lib/ruby/3.4.0/bundler/installer/parallel_installer.rb:133:in
'Bundler::ParallelInstaller#do_install'
/usr/local/lib/ruby/3.4.0/bundler/installer/parallel_installer.rb:124:in
'block in Bundler::ParallelInstaller#worker_pool'
  /usr/local/lib/ruby/3.4.0/bundler/worker.rb:62:in 'Bundler::Worker#apply_func'
/usr/local/lib/ruby/3.4.0/bundler/worker.rb:57:in 'block in
Bundler::Worker#process_queue'
  <internal:kernel>:168:in 'Kernel#loop'
/usr/local/lib/ruby/3.4.0/bundler/worker.rb:54:in
'Bundler::Worker#process_queue'
/usr/local/lib/ruby/3.4.0/bundler/worker.rb:90:in 'block (2 levels) in
Bundler::Worker#create_threads'

An error occurred while installing racc (1.8.1), and Bundler cannot continue.

In Gemfile:
  rails was resolved to 8.1.3.1, which depends on
    actiontext was resolved to 8.1.3.1, which depends on
      action_text-trix was resolved to 2.1.19, which depends on
        railties was resolved to 8.1.3.1, which depends on
          actionpack was resolved to 8.1.3.1, which depends on
            actionview was resolved to 8.1.3.1, which depends on
              rails-dom-testing was resolved to 2.3.0, which depends on
                nokogiri was resolved to 1.19.4, which depends on
                  racc


Gem::Ext::BuildError: ERROR: Failed to build gem native extension.

current directory:
/usr/local/bundle/ruby/3.4.0/gems/erb-6.0.7/ext/erb/escape
/usr/local/bin/ruby extconf.rb
checking for rb_ext_ractor_safe() in ruby.h... *** extconf.rb failed ***
Could not create Makefile due to some reason, probably lack of necessary
libraries and/or headers.  Check the mkmf.log file for more details.  You may
need configuration options.

Provided configuration options:
	--with-opt-dir
	--without-opt-dir
	--with-opt-include=${opt-dir}/include
	--without-opt-include
	--with-opt-lib=${opt-dir}/lib
	--without-opt-lib
	--with-make-prog
	--without-make-prog
	--srcdir=.
	--curdir
	--ruby=/usr/local/bin/$(RUBY_BASE_NAME)
/usr/local/lib/ruby/3.4.0/mkmf.rb:528:in 'MakeMakefile#try_do': The compiler
failed to generate an executable file. (RuntimeError)
You have to install development tools first.

	from /usr/local/lib/ruby/3.4.0/mkmf.rb:621:in 'MakeMakefile#try_link0'
	from /usr/local/lib/ruby/3.4.0/mkmf.rb:639:in 'MakeMakefile#try_link'
	from /usr/local/lib/ruby/3.4.0/mkmf.rb:881:in 'MakeMakefile#try_func'
from /usr/local/lib/ruby/3.4.0/mkmf.rb:1201:in 'block in
MakeMakefile#have_func'
from /usr/local/lib/ruby/3.4.0/mkmf.rb:1070:in 'block in
MakeMakefile#checking_for'
from /usr/local/lib/ruby/3.4.0/mkmf.rb:370:in 'block (2 levels) in
MakeMakefile::Logging.postpone'
	from /usr/local/lib/ruby/3.4.0/mkmf.rb:340:in 'MakeMakefile::Logging.open'
from /usr/local/lib/ruby/3.4.0/mkmf.rb:370:in 'block in
MakeMakefile::Logging.postpone'
	from /usr/local/lib/ruby/3.4.0/mkmf.rb:340:in 'MakeMakefile::Logging.open'
	from /usr/local/lib/ruby/3.4.0/mkmf.rb:366:in 'MakeMakefile::Logging.postpone'
	from /usr/local/lib/ruby/3.4.0/mkmf.rb:1069:in 'MakeMakefile#checking_for'
	from /usr/local/lib/ruby/3.4.0/mkmf.rb:1200:in 'MakeMakefile#have_func'
	from extconf.rb:7:in '<main>'

To see why this extension failed to compile, please check the mkmf.log which can
be found here:

  /usr/local/bundle/ruby/3.4.0/extensions/x86_64-linux/3.4.0/erb-6.0.7/mkmf.log

extconf failed, exit code 1

Gem files will remain installed in /usr/local/bundle/ruby/3.4.0/gems/erb-6.0.7
for inspection.
Results logged to
/usr/local/bundle/ruby/3.4.0/extensions/x86_64-linux/3.4.0/erb-6.0.7/gem_make.out

/usr/local/lib/ruby/3.4.0/rubygems/ext/builder.rb:125:in
'Gem::Ext::Builder.run'
/usr/local/lib/ruby/3.4.0/rubygems/ext/ext_conf_builder.rb:30:in
'Gem::Ext::ExtConfBuilder.build'
/usr/local/lib/ruby/3.4.0/rubygems/ext/builder.rb:206:in
'Gem::Ext::Builder#build_extension'
/usr/local/lib/ruby/3.4.0/rubygems/ext/builder.rb:240:in 'block in
Gem::Ext::Builder#build_extensions'
  /usr/local/lib/ruby/3.4.0/rubygems/ext/builder.rb:237:in 'Array#each'
/usr/local/lib/ruby/3.4.0/rubygems/ext/builder.rb:237:in
'Gem::Ext::Builder#build_extensions'
/usr/local/lib/ruby/3.4.0/rubygems/installer.rb:844:in
'Gem::Installer#build_extensions'
/usr/local/lib/ruby/3.4.0/bundler/rubygems_gem_installer.rb:111:in
'Bundler::RubyGemsGemInstaller#build_extensions'
/usr/local/lib/ruby/3.4.0/bundler/rubygems_gem_installer.rb:30:in
'Bundler::RubyGemsGemInstaller#install'
/usr/local/lib/ruby/3.4.0/bundler/source/rubygems.rb:220:in
'Bundler::Source::Rubygems#install'
/usr/local/lib/ruby/3.4.0/bundler/installer/gem_installer.rb:55:in
'Bundler::GemInstaller#install'
/usr/local/lib/ruby/3.4.0/bundler/installer/gem_installer.rb:17:in
'Bundler::GemInstaller#install_from_spec'
/usr/local/lib/ruby/3.4.0/bundler/installer/parallel_installer.rb:133:in
'Bundler::ParallelInstaller#do_install'
/usr/local/lib/ruby/3.4.0/bundler/installer/parallel_installer.rb:124:in
'block in Bundler::ParallelInstaller#worker_pool'
  /usr/local/lib/ruby/3.4.0/bundler/worker.rb:62:in 'Bundler::Worker#apply_func'
/usr/local/lib/ruby/3.4.0/bundler/worker.rb:57:in 'block in
Bundler::Worker#process_queue'
  <internal:kernel>:168:in 'Kernel#loop'
/usr/local/lib/ruby/3.4.0/bundler/worker.rb:54:in
'Bundler::Worker#process_queue'
/usr/local/lib/ruby/3.4.0/bundler/worker.rb:90:in 'block (2 levels) in
Bundler::Worker#create_threads'

An error occurred while installing erb (6.0.7), and Bundler cannot continue.

In Gemfile:
  rails was resolved to 8.1.3.1, which depends on
    actiontext was resolved to 8.1.3.1, which depends on
      action_text-trix was resolved to 2.1.19, which depends on
        railties was resolved to 8.1.3.1, which depends on
          irb was resolved to 1.18.0, which depends on
            rdoc was resolved to 8.0.0, which depends on
              erb


Gem::Ext::BuildError: ERROR: Failed to build gem native extension.

current directory:
/usr/local/bundle/ruby/3.4.0/gems/io-console-0.9.2/ext/io/console
/usr/local/bin/ruby extconf.rb
checking for rb_interned_str_cstr()... *** extconf.rb failed ***
Could not create Makefile due to some reason, probably lack of necessary
libraries and/or headers.  Check the mkmf.log file for more details.  You may
need configuration options.

Provided configuration options:
	--with-opt-dir
	--without-opt-dir
	--with-opt-include=${opt-dir}/include
	--without-opt-include
	--with-opt-lib=${opt-dir}/lib
	--without-opt-lib
	--with-make-prog
	--without-make-prog
	--srcdir=.
	--curdir
	--ruby=/usr/local/bin/$(RUBY_BASE_NAME)
/usr/local/lib/ruby/3.4.0/mkmf.rb:528:in 'MakeMakefile#try_do': The compiler
failed to generate an executable file. (RuntimeError)
You have to install development tools first.

	from /usr/local/lib/ruby/3.4.0/mkmf.rb:621:in 'MakeMakefile#try_link0'
	from /usr/local/lib/ruby/3.4.0/mkmf.rb:639:in 'MakeMakefile#try_link'
	from /usr/local/lib/ruby/3.4.0/mkmf.rb:881:in 'MakeMakefile#try_func'
from /usr/local/lib/ruby/3.4.0/mkmf.rb:1201:in 'block in
MakeMakefile#have_func'
from /usr/local/lib/ruby/3.4.0/mkmf.rb:1070:in 'block in
MakeMakefile#checking_for'
from /usr/local/lib/ruby/3.4.0/mkmf.rb:370:in 'block (2 levels) in
MakeMakefile::Logging.postpone'
	from /usr/local/lib/ruby/3.4.0/mkmf.rb:340:in 'MakeMakefile::Logging.open'
from /usr/local/lib/ruby/3.4.0/mkmf.rb:370:in 'block in
MakeMakefile::Logging.postpone'
	from /usr/local/lib/ruby/3.4.0/mkmf.rb:340:in 'MakeMakefile::Logging.open'
	from /usr/local/lib/ruby/3.4.0/mkmf.rb:366:in 'MakeMakefile::Logging.postpone'
	from /usr/local/lib/ruby/3.4.0/mkmf.rb:1069:in 'MakeMakefile#checking_for'
	from /usr/local/lib/ruby/3.4.0/mkmf.rb:1200:in 'MakeMakefile#have_func'
	from extconf.rb:8:in '<main>'

To see why this extension failed to compile, please check the mkmf.log which can
be found here:

/usr/local/bundle/ruby/3.4.0/extensions/x86_64-linux/3.4.0/io-console-0.9.2/mkmf.log

extconf failed, exit code 1

Gem files will remain installed in
/usr/local/bundle/ruby/3.4.0/gems/io-console-0.9.2 for inspection.
Results logged to
/usr/local/bundle/ruby/3.4.0/extensions/x86_64-linux/3.4.0/io-console-0.9.2/gem_make.out

/usr/local/lib/ruby/3.4.0/rubygems/ext/builder.rb:125:in
'Gem::Ext::Builder.run'
/usr/local/lib/ruby/3.4.0/rubygems/ext/ext_conf_builder.rb:30:in
'Gem::Ext::ExtConfBuilder.build'
/usr/local/lib/ruby/3.4.0/rubygems/ext/builder.rb:206:in
'Gem::Ext::Builder#build_extension'
/usr/local/lib/ruby/3.4.0/rubygems/ext/builder.rb:240:in 'block in
Gem::Ext::Builder#build_extensions'
  /usr/local/lib/ruby/3.4.0/rubygems/ext/builder.rb:237:in 'Array#each'
/usr/local/lib/ruby/3.4.0/rubygems/ext/builder.rb:237:in
'Gem::Ext::Builder#build_extensions'
/usr/local/lib/ruby/3.4.0/rubygems/installer.rb:844:in
'Gem::Installer#build_extensions'
/usr/local/lib/ruby/3.4.0/bundler/rubygems_gem_installer.rb:111:in
'Bundler::RubyGemsGemInstaller#build_extensions'
/usr/local/lib/ruby/3.4.0/bundler/rubygems_gem_installer.rb:30:in
'Bundler::RubyGemsGemInstaller#install'
/usr/local/lib/ruby/3.4.0/bundler/source/rubygems.rb:220:in
'Bundler::Source::Rubygems#install'
/usr/local/lib/ruby/3.4.0/bundler/installer/gem_installer.rb:55:in
'Bundler::GemInstaller#install'
/usr/local/lib/ruby/3.4.0/bundler/installer/gem_installer.rb:17:in
'Bundler::GemInstaller#install_from_spec'
/usr/local/lib/ruby/3.4.0/bundler/installer/parallel_installer.rb:133:in
'Bundler::ParallelInstaller#do_install'
/usr/local/lib/ruby/3.4.0/bundler/installer/parallel_installer.rb:124:in
'block in Bundler::ParallelInstaller#worker_pool'
  /usr/local/lib/ruby/3.4.0/bundler/worker.rb:62:in 'Bundler::Worker#apply_func'
/usr/local/lib/ruby/3.4.0/bundler/worker.rb:57:in 'block in
Bundler::Worker#process_queue'
  <internal:kernel>:168:in 'Kernel#loop'
/usr/local/lib/ruby/3.4.0/bundler/worker.rb:54:in
'Bundler::Worker#process_queue'
/usr/local/lib/ruby/3.4.0/bundler/worker.rb:90:in 'block (2 levels) in
Bundler::Worker#create_threads'

An error occurred while installing io-console (0.9.2), and Bundler cannot
continue.

In Gemfile:
  rails was resolved to 8.1.3.1, which depends on
    actiontext was resolved to 8.1.3.1, which depends on
      action_text-trix was resolved to 2.1.19, which depends on
        railties was resolved to 8.1.3.1, which depends on
          irb was resolved to 1.18.0, which depends on
            reline was resolved to 0.7.0, which depends on
              io-console


Gem::Ext::BuildError: ERROR: Failed to build gem native extension.

    current directory: /usr/local/bundle/ruby/3.4.0/gems/date-3.5.1/ext/date
/usr/local/bin/ruby extconf.rb
checking for rb_category_warn()... *** extconf.rb failed ***
Could not create Makefile due to some reason, probably lack of necessary
libraries and/or headers.  Check the mkmf.log file for more details.  You may
need configuration options.

Provided configuration options:
	--with-opt-dir
	--without-opt-dir
	--with-opt-include=${opt-dir}/include
	--without-opt-include
	--with-opt-lib=${opt-dir}/lib
	--without-opt-lib
	--with-make-prog
	--without-make-prog
	--srcdir=.
	--curdir
	--ruby=/usr/local/bin/$(RUBY_BASE_NAME)
/usr/local/lib/ruby/3.4.0/mkmf.rb:528:in 'MakeMakefile#try_do': The compiler
failed to generate an executable file. (RuntimeError)
You have to install development tools first.

	from /usr/local/lib/ruby/3.4.0/mkmf.rb:621:in 'MakeMakefile#try_link0'
	from /usr/local/lib/ruby/3.4.0/mkmf.rb:639:in 'MakeMakefile#try_link'
	from /usr/local/lib/ruby/3.4.0/mkmf.rb:881:in 'MakeMakefile#try_func'
from /usr/local/lib/ruby/3.4.0/mkmf.rb:1201:in 'block in
MakeMakefile#have_func'
from /usr/local/lib/ruby/3.4.0/mkmf.rb:1070:in 'block in
MakeMakefile#checking_for'
from /usr/local/lib/ruby/3.4.0/mkmf.rb:370:in 'block (2 levels) in
MakeMakefile::Logging.postpone'
	from /usr/local/lib/ruby/3.4.0/mkmf.rb:340:in 'MakeMakefile::Logging.open'
from /usr/local/lib/ruby/3.4.0/mkmf.rb:370:in 'block in
MakeMakefile::Logging.postpone'
	from /usr/local/lib/ruby/3.4.0/mkmf.rb:340:in 'MakeMakefile::Logging.open'
	from /usr/local/lib/ruby/3.4.0/mkmf.rb:366:in 'MakeMakefile::Logging.postpone'
	from /usr/local/lib/ruby/3.4.0/mkmf.rb:1069:in 'MakeMakefile#checking_for'
	from /usr/local/lib/ruby/3.4.0/mkmf.rb:1200:in 'MakeMakefile#have_func'
	from extconf.rb:7:in '<main>'

To see why this extension failed to compile, please check the mkmf.log which can
be found here:

  /usr/local/bundle/ruby/3.4.0/extensions/x86_64-linux/3.4.0/date-3.5.1/mkmf.log

extconf failed, exit code 1

Gem files will remain installed in /usr/local/bundle/ruby/3.4.0/gems/date-3.5.1
for inspection.
Results logged to
/usr/local/bundle/ruby/3.4.0/extensions/x86_64-linux/3.4.0/date-3.5.1/gem_make.out

/usr/local/lib/ruby/3.4.0/rubygems/ext/builder.rb:125:in
'Gem::Ext::Builder.run'
/usr/local/lib/ruby/3.4.0/rubygems/ext/ext_conf_builder.rb:30:in
'Gem::Ext::ExtConfBuilder.build'
/usr/local/lib/ruby/3.4.0/rubygems/ext/builder.rb:206:in
'Gem::Ext::Builder#build_extension'
/usr/local/lib/ruby/3.4.0/rubygems/ext/builder.rb:240:in 'block in
Gem::Ext::Builder#build_extensions'
  /usr/local/lib/ruby/3.4.0/rubygems/ext/builder.rb:237:in 'Array#each'
/usr/local/lib/ruby/3.4.0/rubygems/ext/builder.rb:237:in
'Gem::Ext::Builder#build_extensions'
/usr/local/lib/ruby/3.4.0/rubygems/installer.rb:844:in
'Gem::Installer#build_extensions'
/usr/local/lib/ruby/3.4.0/bundler/rubygems_gem_installer.rb:111:in
'Bundler::RubyGemsGemInstaller#build_extensions'
/usr/local/lib/ruby/3.4.0/bundler/rubygems_gem_installer.rb:30:in
'Bundler::RubyGemsGemInstaller#install'
/usr/local/lib/ruby/3.4.0/bundler/source/rubygems.rb:220:in
'Bundler::Source::Rubygems#install'
/usr/local/lib/ruby/3.4.0/bundler/installer/gem_installer.rb:55:in
'Bundler::GemInstaller#install'
/usr/local/lib/ruby/3.4.0/bundler/installer/gem_installer.rb:17:in
'Bundler::GemInstaller#install_from_spec'
/usr/local/lib/ruby/3.4.0/bundler/installer/parallel_installer.rb:133:in
'Bundler::ParallelInstaller#do_install'
/usr/local/lib/ruby/3.4.0/bundler/installer/parallel_installer.rb:124:in
'block in Bundler::ParallelInstaller#worker_pool'
  /usr/local/lib/ruby/3.4.0/bundler/worker.rb:62:in 'Bundler::Worker#apply_func'
/usr/local/lib/ruby/3.4.0/bundler/worker.rb:57:in 'block in
Bundler::Worker#process_queue'
  <internal:kernel>:168:in 'Kernel#loop'
/usr/local/lib/ruby/3.4.0/bundler/worker.rb:54:in
'Bundler::Worker#process_queue'
/usr/local/lib/ruby/3.4.0/bundler/worker.rb:90:in 'block (2 levels) in
Bundler::Worker#create_threads'

An error occurred while installing date (3.5.1), and Bundler cannot continue.

In Gemfile:
  rails was resolved to 8.1.3.1, which depends on
    actionmailbox was resolved to 8.1.3.1, which depends on
      mail was resolved to 2.9.1, which depends on
        net-imap was resolved to 0.6.7, which depends on
          date


Gem::Ext::BuildError: ERROR: Failed to build gem native extension.

current directory:
/usr/local/bundle/ruby/3.4.0/gems/bcrypt_pbkdf-1.1.2/ext/mri
/usr/local/bin/ruby extconf.rb
creating Makefile

current directory: /usr/local/bundle/ruby/3.4.0/gems/bcrypt_pbkdf-1.1.2/ext/mri
make DESTDIR\= sitearchdir\=./.gem.20260912-1-u7rt8e
sitelibdir\=./.gem.20260912-1-u7rt8e clean
current directory: /usr/local/bundle/ruby/3.4.0/gems/bcrypt_pbkdf-1.1.2/ext/mri
make DESTDIR\= sitearchdir\=./.gem.20260912-1-u7rt8e
sitelibdir\=./.gem.20260912-1-u7rt8e
make failedNo such file or directory - make

Gem files will remain installed in
/usr/local/bundle/ruby/3.4.0/gems/bcrypt_pbkdf-1.1.2 for inspection.
Results logged to
/usr/local/bundle/ruby/3.4.0/extensions/x86_64-linux/3.4.0/bcrypt_pbkdf-1.1.2/gem_make.out

/usr/local/lib/ruby/3.4.0/rubygems/ext/builder.rb:102:in
'Gem::Ext::Builder.run'
/usr/local/lib/ruby/3.4.0/rubygems/ext/builder.rb:51:in 'block in
Gem::Ext::Builder.make'
  /usr/local/lib/ruby/3.4.0/rubygems/ext/builder.rb:43:in 'Array#each'
/usr/local/lib/ruby/3.4.0/rubygems/ext/builder.rb:43:in
'Gem::Ext::Builder.make'
/usr/local/lib/ruby/3.4.0/rubygems/ext/ext_conf_builder.rb:44:in
'Gem::Ext::ExtConfBuilder.build'
/usr/local/lib/ruby/3.4.0/rubygems/ext/builder.rb:206:in
'Gem::Ext::Builder#build_extension'
/usr/local/lib/ruby/3.4.0/rubygems/ext/builder.rb:240:in 'block in
Gem::Ext::Builder#build_extensions'
  /usr/local/lib/ruby/3.4.0/rubygems/ext/builder.rb:237:in 'Array#each'
/usr/local/lib/ruby/3.4.0/rubygems/ext/builder.rb:237:in
'Gem::Ext::Builder#build_extensions'
/usr/local/lib/ruby/3.4.0/rubygems/installer.rb:844:in
'Gem::Installer#build_extensions'
/usr/local/lib/ruby/3.4.0/bundler/rubygems_gem_installer.rb:111:in
'Bundler::RubyGemsGemInstaller#build_extensions'
/usr/local/lib/ruby/3.4.0/bundler/rubygems_gem_installer.rb:30:in
'Bundler::RubyGemsGemInstaller#install'
/usr/local/lib/ruby/3.4.0/bundler/source/rubygems.rb:220:in
'Bundler::Source::Rubygems#install'
/usr/local/lib/ruby/3.4.0/bundler/installer/gem_installer.rb:55:in
'Bundler::GemInstaller#install'
/usr/local/lib/ruby/3.4.0/bundler/installer/gem_installer.rb:17:in
'Bundler::GemInstaller#install_from_spec'
/usr/local/lib/ruby/3.4.0/bundler/installer/parallel_installer.rb:133:in
'Bundler::ParallelInstaller#do_install'
/usr/local/lib/ruby/3.4.0/bundler/installer/parallel_installer.rb:124:in
'block in Bundler::ParallelInstaller#worker_pool'
  /usr/local/lib/ruby/3.4.0/bundler/worker.rb:62:in 'Bundler::Worker#apply_func'
/usr/local/lib/ruby/3.4.0/bundler/worker.rb:57:in 'block in
Bundler::Worker#process_queue'
  <internal:kernel>:168:in 'Kernel#loop'
/usr/local/lib/ruby/3.4.0/bundler/worker.rb:54:in
'Bundler::Worker#process_queue'
/usr/local/lib/ruby/3.4.0/bundler/worker.rb:90:in 'block (2 levels) in
Bundler::Worker#create_threads'

An error occurred while installing bcrypt_pbkdf (1.1.2), and Bundler cannot
continue.

In Gemfile:
  kamal was resolved to 2.12.0, which depends on
    bcrypt_pbkdf

